C:\Users\Pallabi_Biswas\Desktop\FSD\Day1>git branch
* master

C:\Users\Pallabi_Biswas\Desktop\FSD\Day1>git branch MyFirstBlueBranch

C:\Users\Pallabi_Biswas\Desktop\FSD\Day1>git branch
  MyFirstBlueBranch
* master

C:\Users\Pallabi_Biswas\Desktop\FSD\Day1>git checkout MyFirstBlueBranch
Switched to branch 'MyFirstBlueBranch'

C:\Users\Pallabi_Biswas\Desktop\FSD\Day1>git branch
* MyFirstBlueBranch
  master

C:\Users\Pallabi_Biswas\Desktop\FSD\Day1>git status
On branch MyFirstBlueBranch
Untracked files:
  (use "git add <file>..." to include in what will be committed)
        checkout.jpg
        images/

nothing added to commit but untracked files present (use "git add" to track)

C:\Users\Pallabi_Biswas\Desktop\FSD\Day1>git add .

C:\Users\Pallabi_Biswas\Desktop\FSD\Day1>git status
On branch MyFirstBlueBranch
Changes to be committed:
  (use "git restore --staged <file>..." to unstage)
        new file:   checkout.jpg
        new file:   images/Krishna.jpg


C:\Users\Pallabi_Biswas\Desktop\FSD\Day1>git commit -m "New Branch Commit"
[MyFirstBlueBranch 5ba1fab] New Branch Commit
 2 files changed, 0 insertions(+), 0 deletions(-)
 create mode 100644 checkout.jpg
 create mode 100644 images/Krishna.jpg

C:\Users\Pallabi_Biswas\Desktop\FSD\Day1>git push -u origin MyFirstBlueBranch
Enumerating objects: 6, done.
Counting objects: 100% (6/6), done.
Delta compression using up to 8 threads
Compressing objects: 100% (4/4), done.
Writing objects: 100% (5/5), 335.09 KiB | 5.40 MiB/s, done.
Total 5 (delta 1), reused 0 (delta 0), pack-reused 0
remote: Resolving deltas: 100% (1/1), completed with 1 local object.
remote:
remote: Create a pull request for 'MyFirstBlueBranch' on GitHub by visiting:
remote:      https://github.com/Pallabi007/FSD-Training/pull/new/MyFirstBlueBranch
remote:
To https://github.com/Pallabi007/FSD-Training.git
 * [new branch]      MyFirstBlueBranch -> MyFirstBlueBranch
Branch 'MyFirstBlueBranch' set up to track remote branch 'MyFirstBlueBranch' from 'origin'.


